
(.venv)   external 
% cd /Users/shay/Dev/research/VulGCL && source .venv/bin/activate && python src/data/measure_joern_coverage.py 2>&1
Loading 100 vulnerable + 100 safe from Devign...
Total: 200 functions

[  1/200] VULN  lines= 459  commit=f1d8763a  nodes= 400  edges=2335  13.5s  [LARGE(400)]
[  2/200] VULN  lines=  33  commit=77a10d04  nodes=  21  edges=  27  12.1s  [OK]
[  3/200] VULN  lines=  65  commit=40ff6d7e  nodes=  42  edges=  78  13.8s  [OK]
[  4/200] VULN  lines=  57  commit=79b78a6b  nodes=  32  edges=  75  12.3s  [OK]
[  5/200] VULN  lines=  15  commit=c4237dfa  nodes=   8  edges=  11  12.2s  [OK]
[  6/200] VULN  lines=  35  commit=c9c3c80a  nodes=  24  edges=  50  12.0s  [OK]
[  7/200] VULN  lines= 113  commit=a9f3e4b1  nodes=  37  edges=  41  12.5s  [OK]
[  8/200] VULN  lines= 287  commit=8b18288c  nodes= 231  edges= 553  13.5s  [LARGE(231)]
[  9/200] VULN  lines=  53  commit=bc851a29  nodes=  53  edges=  37  13.3s  [OK]
[ 10/200] VULN  lines= 143  commit=50833c9f  nodes= 103  edges= 267  13.4s  [OK]
[ 11/200] VULN  lines= 159  commit=6e42e6c4  nodes=   0  edges=   0  12.1s  [EMPTY]
[ 12/200] VULN  lines=  21  commit=efec3dd6  nodes=  13  edges=  23  13.4s  [OK]
[ 13/200] VULN  lines= 147  commit=2df5fee2  nodes= 122  edges= 104  12.8s  [OK]
[ 14/200] VULN  lines=  83  commit=8d168a92  nodes=  82  edges= 125  13.7s  [OK]
[ 15/200] VULN  lines= 249  commit=1afd2469  nodes=   0  edges=   0  11.9s  [EMPTY]
[ 16/200] VULN  lines= 127  commit=f2917853  nodes= 111  edges= 238  12.9s  [OK]
[ 17/200] VULN  lines= 105  commit=357d1e3b  nodes=  40  edges=  72  13.3s  [OK]
[ 18/200] VULN  lines=  47  commit=5c6c0e51  nodes=  60  edges=  90  13.2s  [OK]
[ 19/200] VULN  lines=  97  commit=40ff6d7e  nodes=  69  edges=  78  13.3s  [OK]
[ 20/200] VULN  lines= 290  commit=78baa450  nodes= 195  edges= 246  14.5s  [LARGE(195)]
[ 21/200] VULN  lines=  48  commit=98e87903  nodes=  32  edges=  59  12.7s  [OK]
[ 22/200] VULN  lines= 193  commit=8a69f260  nodes= 151  edges= 271  12.8s  [LARGE(151)]
[ 23/200] VULN  lines=  71  commit=10eacda7  nodes=   9  edges=  20  12.7s  [OK]
[ 24/200] VULN  lines=  33  commit=74dc728a  nodes=  42  edges=  73  13.4s  [OK]
[ 25/200] VULN  lines= 273  commit=062ba099  nodes=  89  edges= 174  12.7s  [OK]
[ 26/200] VULN  lines=  39  commit=df8bf7a7  nodes=  23  edges=  38  12.5s  [OK]
[ 27/200] VULN  lines= 108  commit=e638073c  nodes= 102  edges= 108  14.4s  [OK]
[ 28/200] VULN  lines=  19  commit=dae7ff04  nodes=  24  edges=  29  12.9s  [OK]
[ 29/200] VULN  lines=  87  commit=bd12aa2b  nodes=   0  edges=   0  12.2s  [EMPTY]
[ 30/200] VULN  lines=  37  commit=323ad19b  nodes=  43  edges= 125  12.9s  [OK]
[ 31/200] VULN  lines=  33  commit=9b2fadda  nodes=  22  edges=  25  12.9s  [OK]
[ 32/200] VULN  lines=  40  commit=e12ed72e  nodes=  48  edges= 165  12.8s  [OK]
[ 33/200] VULN  lines=  19  commit=51daafb0  nodes=   0  edges=   0  13.7s  [EMPTY]
[ 34/200] VULN  lines= 325  commit=4ace2d22  nodes= 411  edges= 543  14.7s  [LARGE(411)]
[ 35/200] VULN  lines=  33  commit=505597e4  nodes=  18  edges=  41  13.7s  [OK]
[ 36/200] VULN  lines=  43  commit=0d0d24af  nodes=  53  edges=  81  11.7s  [OK]
[ 37/200] VULN  lines= 185  commit=3be98be4  nodes= 104  edges= 164  13.2s  [OK]
[ 38/200] VULN  lines=  35  commit=d9654a58  nodes=   4  edges=   4  12.3s  [OK]
[ 39/200] VULN  lines=  17  commit=665f119f  nodes=   7  edges=   9  13.2s  [OK]
[ 40/200] VULN  lines=  25  commit=b45c03f5  nodes=  11  edges=  19  13.3s  [OK]
[ 41/200] VULN  lines= 527  commit=ff3db937  nodes= 370  edges= 845  14.0s  [LARGE(370)]
[ 42/200] VULN  lines=  21  commit=5e52e5f9  nodes=  12  edges=  22  12.9s  [OK]
[ 43/200] VULN  lines= 327  commit=2dbc84b1  nodes= 279  edges= 615  14.3s  [LARGE(279)]
[ 44/200] VULN  lines= 259  commit=3dde6675  nodes= 257  edges= 279  13.5s  [LARGE(257)]
[ 45/200] VULN  lines= 387  commit=f8ed85ac  nodes= 230  edges= 398  13.5s  [LARGE(230)]
[ 46/200] VULN  lines= 271  commit=c2b6ff51  nodes= 170  edges= 455  12.8s  [LARGE(170)]
[ 47/200] VULN  lines= 157  commit=f77bfa83  nodes= 223  edges= 270  13.5s  [LARGE(223)]
[ 48/200] VULN  lines=  19  commit=8136f234  nodes=  10  edges=  11  13.6s  [OK]
[ 49/200] VULN  lines=  33  commit=c8389550  nodes=  13  edges=  24  13.1s  [OK]
[ 50/200] VULN  lines=  95  commit=4f4321c1  nodes=  42  edges=  68  12.8s  [OK]
[ 51/200] VULN  lines=  17  commit=ff1d2ac9  nodes=  10  edges=  19  13.0s  [OK]
[ 52/200] VULN  lines=  61  commit=47025a01  nodes=  55  edges=  94  12.8s  [OK]
[ 53/200] VULN  lines= 119  commit=01f0e6a0  nodes= 208  edges= 501  12.8s  [LARGE(208)]
[ 54/200] VULN  lines=  11  commit=3ab9a2a5  nodes=   9  edges=  14  12.3s  [OK]
[ 55/200] VULN  lines= 159  commit=8be487d8  nodes= 131  edges= 171  12.5s  [OK]
[ 56/200] VULN  lines=  64  commit=f332e830  nodes=  21  edges=  36  13.4s  [OK]
[ 57/200] VULN  lines= 103  commit=077b5594  nodes= 113  edges= 117  12.8s  [OK]
[ 58/200] VULN  lines=  96  commit=2ce68e4c  nodes=  53  edges=  92  12.3s  [OK]
[ 59/200] VULN  lines=  12  commit=7bdfd907  nodes=   5  edges=   7  12.0s  [OK]
[ 60/200] VULN  lines=  25  commit=7d1b0095  nodes=  13  edges=  33  13.0s  [OK]
[ 61/200] VULN  lines=  37  commit=c9c3c80a  nodes=  30  edges=  73  15.4s  [OK]
[ 62/200] VULN  lines=  29  commit=cabfed68  nodes=  33  edges=  66  13.2s  [OK]
[ 63/200] VULN  lines=  63  commit=8b6b2afc  nodes=  30  edges=  73  13.4s  [OK]
[ 64/200] VULN  lines=   8  commit=81bf96d3  nodes=   9  edges=  16  12.5s  [OK]
[ 65/200] VULN  lines= 409  commit=e23a1b33  nodes= 188  edges= 497  13.9s  [LARGE(188)]
[ 66/200] VULN  lines=  23  commit=3a53009f  nodes=  14  edges=  28  12.2s  [OK]
[ 67/200] VULN  lines= 173  commit=665f119f  nodes= 125  edges= 163  14.5s  [OK]
[ 68/200] VULN  lines=  33  commit=8e91ed30  nodes=  20  edges=  51  12.4s  [OK]
[ 69/200] VULN  lines= 231  commit=2d8ccf0a  nodes= 180  edges= 402  12.5s  [LARGE(180)]
[ 70/200] VULN  lines=  39  commit=39ac8455  nodes=  19  edges=  36  12.0s  [OK]
[ 71/200] VULN  lines=  81  commit=8021de10  nodes=  42  edges=  80  15.2s  [OK]
[ 72/200] VULN  lines= 306  commit=23b20301  nodes= 382  edges= 760  14.5s  [LARGE(382)]
[ 73/200] VULN  lines=  27  commit=e680cfa7  nodes=  13  edges=  23  12.4s  [OK]
[ 74/200] VULN  lines=  51  commit=ee640c62  nodes=  25  edges=  32  12.7s  [OK]
[ 75/200] VULN  lines=  13  commit=7f027843  nodes=   8  edges=  14  12.3s  [OK]
[ 76/200] VULN  lines=  93  commit=ce377af3  nodes=  59  edges= 112  13.0s  [OK]
[ 77/200] VULN  lines=  67  commit=79b78a6b  nodes=  41  edges=  83  12.2s  [OK]
[ 78/200] VULN  lines= 151  commit=f2d3476e  nodes=  94  edges= 253  13.4s  [OK]
[ 79/200] VULN  lines=  49  commit=98caa5bc  nodes=  25  edges=  67  13.0s  [OK]
[ 80/200] VULN  lines=  63  commit=8824b737  nodes= 156  edges= 278  13.5s  [LARGE(156)]
[ 81/200] VULN  lines=  61  commit=0d0d24af  nodes=  59  edges= 102  12.5s  [OK]
[ 82/200] VULN  lines=  37  commit=39bb30f6  nodes=  36  edges=  51  13.1s  [OK]
[ 83/200] VULN  lines= 150  commit=701074a6  nodes=  50  edges= 134  12.9s  [OK]
[ 84/200] VULN  lines=  17  commit=d9bce9d9  nodes=  15  edges=  37  12.1s  [OK]
[ 85/200] VULN  lines=  14  commit=2ef45716  nodes=   4  edges=   3  12.7s  [OK]
[ 86/200] VULN  lines= 223  commit=97392553  nodes= 257  edges= 196  12.8s  [LARGE(257)]
[ 87/200] VULN  lines=  83  commit=dbc53ffc  nodes=  58  edges= 206  12.7s  [OK]
[ 88/200] VULN  lines=  20  commit=c572f23a  nodes=  28  edges=  50  12.4s  [OK]
[ 89/200] VULN  lines=  17  commit=e5e422bc  nodes=  30  edges=  43  13.4s  [OK]
[ 90/200] VULN  lines=  93  commit=21583e93  nodes=  77  edges= 188  13.2s  [OK]
[ 91/200] VULN  lines=  43  commit=70976a79  nodes=  21  edges=  27  13.7s  [OK]
[ 92/200] VULN  lines=  19  commit=bd5c860f  nodes=   1  edges=   0  12.7s  [OK]
[ 93/200] VULN  lines= 105  commit=51a13528  nodes=  56  edges= 101  13.4s  [OK]
[ 94/200] VULN  lines= 427  commit=441026fc  nodes= 363  edges= 635  14.8s  [LARGE(363)]
[ 95/200] VULN  lines= 163  commit=fdfcc9ae  nodes=   0  edges=   0  13.1s  [EMPTY]
[ 96/200] VULN  lines= 149  commit=8a49d2bc  nodes= 186  edges= 286  13.2s  [LARGE(186)]
[ 97/200] VULN  lines=  21  commit=2f9606b3  nodes=  25  edges=  37  14.2s  [OK]
[ 98/200] VULN  lines=  37  commit=15c2f669  nodes=  21  edges=  46  14.7s  [OK]
[ 99/200] VULN  lines=  49  commit=c3ab0004  nodes=   0  edges=   0  12.2s  [EMPTY]
[100/200] VULN  lines= 199  commit=54ea7736  nodes= 162  edges= 437  13.4s  [LARGE(162)]
[101/200] SAFE  lines= 193  commit=67ddf216  nodes= 166  edges= 186  13.3s  [LARGE(166)]
[102/200] SAFE  lines=  33  commit=6e0d8677  nodes=  12  edges=  20  12.8s  [OK]
[103/200] SAFE  lines=  15  commit=245f7b51  nodes=   6  edges=   7  13.0s  [OK]
[104/200] SAFE  lines= 241  commit=a153bf52  nodes= 155  edges= 363  13.2s  [LARGE(155)]
[105/200] SAFE  lines=  27  commit=6b98bd64  nodes=  30  edges=  52  13.8s  [OK]
[106/200] SAFE  lines=   7  commit=70143a39  nodes=   4  edges=   4  12.1s  [OK]
[107/200] SAFE  lines=1099  commit=47c93657  nodes=1030  edges=1602  16.3s  [LARGE(1030)]
[108/200] SAFE  lines= 169  commit=2c006f43  nodes=   0  edges=   0  13.1s  [EMPTY]
[109/200] SAFE  lines=  49  commit=bd269ebc  nodes=  31  edges=  58  13.0s  [OK]
[110/200] SAFE  lines= 215  commit=641bb63c  nodes= 105  edges= 195  12.8s  [OK]
[111/200] SAFE  lines=  69  commit=98522f63  nodes=  32  edges=  88  12.6s  [OK]
[112/200] SAFE  lines=  31  commit=75f27498  nodes=  19  edges=  30  13.1s  [OK]
[113/200] SAFE  lines= 143  commit=db592f3b  nodes= 166  edges= 350  13.6s  [LARGE(166)]
[114/200] SAFE  lines= 299  commit=c25bbf15  nodes= 213  edges= 440  13.1s  [LARGE(213)]
[115/200] SAFE  lines= 131  commit=ae0bfb79  nodes= 116  edges= 179  12.7s  [OK]
[116/200] SAFE  lines=  43  commit=94b037f2  nodes=  44  edges=  49  12.7s  [OK]
[117/200] SAFE  lines=  25  commit=87e87886  nodes=  52  edges= 147  13.9s  [OK]
[118/200] SAFE  lines= 149  commit=5b26d3b7  nodes=  55  edges= 145  12.8s  [OK]
[119/200] SAFE  lines=  69  commit=a67304d0  nodes=  62  edges= 116  12.8s  [OK]
[120/200] SAFE  lines=  37  commit=08fba7ac  nodes=  17  edges=  30  16.6s  [OK]
[121/200] SAFE  lines= 107  commit=7d08c73e  nodes= 113  edges= 131  13.7s  [OK]
[122/200] SAFE  lines=  55  commit=22b985d5  nodes=  42  edges= 114  12.4s  [OK]
[123/200] SAFE  lines=  85  commit=306a06e5  nodes=  33  edges=  66  13.5s  [OK]
[124/200] SAFE  lines=  61  commit=b3928a1c  nodes= 103  edges= 118  13.7s  [OK]
[125/200] SAFE  lines= 137  commit=4086182f  nodes=  63  edges= 143  13.9s  [OK]
[126/200] SAFE  lines=  19  commit=fd56e061  nodes=  20  edges=  11  13.7s  [OK]
[127/200] SAFE  lines=  39  commit=465e1dad  nodes=  20  edges=  46  12.6s  [OK]
[128/200] SAFE  lines=  13  commit=e1833e1f  nodes=   9  edges=  17  19.7s  [OK]
[129/200] SAFE  lines= 329  commit=a980a065  nodes= 185  edges= 206  21.4s  [LARGE(185)]
[130/200] SAFE  lines= 183  commit=e72662e1  nodes= 206  edges= 124  22.4s  [LARGE(206)]
[131/200] SAFE  lines=  29  commit=fb7b5c0d  nodes=  17  edges=  31  22.1s  [OK]
[132/200] SAFE  lines= 719  commit=1960966d  nodes= 382  edges= 969  17.4s  [LARGE(382)]
[133/200] SAFE  lines=1213  commit=e63ecc6f  nodes=   0  edges=   0  17.9s  [EMPTY]
[134/200] SAFE  lines=  69  commit=aad15de4  nodes=  49  edges=  81  16.6s  [OK]
[135/200] SAFE  lines=  15  commit=c2b38b27  nodes=  13  edges=  20  14.9s  [OK]
[136/200] SAFE  lines=  55  commit=245f7b51  nodes=  39  edges=  12  17.1s  [OK]
[137/200] SAFE  lines=  41  commit=465e1dad  nodes=  16  edges=  42  15.5s  [OK]
[138/200] SAFE  lines=  51  commit=2bc3166c  nodes=  28  edges=  54  15.4s  [OK]
[139/200] SAFE  lines=  37  commit=6ba5cbc6  nodes=  22  edges=  49  17.3s  [OK]
[140/200] SAFE  lines=  35  commit=54d50be6  nodes=  25  edges=  52  16.0s  [OK]
[141/200] SAFE  lines=  71  commit=92055797  nodes=  36  edges=  81  15.1s  [OK]
[142/200] SAFE  lines= 151  commit=3736cc5b  nodes= 133  edges= 227  15.4s  [OK]
[143/200] SAFE  lines=  29  commit=97394580  nodes=  21  edges=  31  14.8s  [OK]
[144/200] SAFE  lines=  45  commit=b456a71c  nodes=  52  edges=  90  15.9s  [OK]
[145/200] SAFE  lines= 103  commit=347a5c73  nodes=  39  edges= 101  15.4s  [OK]
[146/200] SAFE  lines= 161  commit=277acfe8  nodes=  97  edges= 309  15.7s  [OK]
[147/200] SAFE  lines=  19  commit=374f2981  nodes=   8  edges=  10  17.2s  [OK]
[148/200] SAFE  lines=  39  commit=a8eae585  nodes=  15  edges=  26  19.0s  [OK]
[149/200] SAFE  lines= 109  commit=41bcc3d1  nodes= 136  edges= 230  17.1s  [OK]
[150/200] SAFE  lines= 345  commit=5a7e7a0b  nodes= 151  edges= 329  13.7s  [LARGE(151)]
[151/200] SAFE  lines= 145  commit=1f0c461b  nodes= 113  edges= 145  14.9s  [OK]
[152/200] SAFE  lines= 123  commit=9eaaf971  nodes=  83  edges= 161  14.4s  [OK]
[153/200] SAFE  lines=  83  commit=d2cb36af  nodes=  44  edges=  92  20.5s  [OK]
[154/200] SAFE  lines=  19  commit=a818a4b6  nodes=  15  edges=  21  13.6s  [OK]
[155/200] SAFE  lines= 137  commit=1ae2757c  nodes=  71  edges= 181  13.6s  [OK]
[156/200] SAFE  lines= 199  commit=60b433d9  nodes= 249  edges= 850  16.4s  [LARGE(249)]
[157/200] SAFE  lines=  29  commit=bc7c08a2  nodes=  15  edges=  34  16.1s  [OK]
[158/200] SAFE  lines=  75  commit=7bd427d8  nodes=  75  edges= 149  19.5s  [OK]
[159/200] SAFE  lines=  65  commit=7373b3ad  nodes=   0  edges=   0  20.3s  [EMPTY]
[160/200] SAFE  lines= 751  commit=8a34a0fb  nodes= 358  edges= 737  32.9s  [LARGE(358)]
[161/200] SAFE  lines=  21  commit=3b199d29  nodes=   0  edges=   0  16.4s  [EMPTY]
[162/200] SAFE  lines=  55  commit=0a41f47d  nodes=  64  edges=  34  24.7s  [OK]
[163/200] SAFE  lines=  33  commit=a0fa2cb8  nodes=  14  edges=  18  17.2s  [OK]
[164/200] SAFE  lines=1013  commit=c988f975  nodes=1444  edges=3270  20.0s  [LARGE(1444)]
[165/200] SAFE  lines= 131  commit=bec16311  nodes=  53  edges= 116  15.2s  [OK]
[166/200] SAFE  lines= 153  commit=d735b620  nodes= 150  edges= 225  14.8s  [OK]
[167/200] SAFE  lines=  19  commit=c7f8d0f3  nodes=  11  edges=  15  16.5s  [OK]
[168/200] SAFE  lines=  45  commit=dad5b9ea  nodes=  33  edges=  17  14.2s  [OK]
[169/200] SAFE  lines=  69  commit=baced9f5  nodes=  58  edges= 103  14.6s  [OK]
[170/200] SAFE  lines=  83  commit=93970672  nodes=  72  edges= 124  15.0s  [OK]
[171/200] SAFE  lines=  25  commit=2cc51d50  nodes=  16  edges=  24  12.6s  [OK]
[172/200] SAFE  lines=  43  commit=bcd7bf7e  nodes=  24  edges=  66  14.8s  [OK]
[173/200] SAFE  lines=  55  commit=73034e9e  nodes=  74  edges=  74  16.0s  [OK]
[174/200] SAFE  lines=  55  commit=03d83ba3  nodes=   0  edges=   0  14.0s  [EMPTY]
[175/200] SAFE  lines=  61  commit=ad196a9d  nodes=  32  edges=  42  12.8s  [OK]
[176/200] SAFE  lines= 151  commit=d909f43b  nodes= 379  edges= 612  13.8s  [LARGE(379)]
[177/200] SAFE  lines=  43  commit=c7c35916  nodes=  14  edges=  18  13.5s  [OK]
[178/200] SAFE  lines=  11  commit=dc0ad40d  nodes=  10  edges=  12  12.9s  [OK]
[179/200] SAFE  lines=  49  commit=0c16c056  nodes=  22  edges=  42  12.1s  [OK]
[180/200] SAFE  lines=  83  commit=50969c0f  nodes=   0  edges=   0  13.1s  [EMPTY]
[181/200] SAFE  lines= 559  commit=6ff0ad6b  nodes= 693  edges=1037  13.6s  [LARGE(693)]
[182/200] SAFE  lines=  11  commit=0d82d0e8  nodes=   6  edges=   7  12.2s  [OK]
[183/200] SAFE  lines=  71  commit=a9ceb76d  nodes=  48  edges= 142  11.9s  [OK]
[184/200] SAFE  lines=  23  commit=7ebaf795  nodes=  11  edges=  20  13.9s  [OK]
[185/200] SAFE  lines=  71  commit=1e9737da  nodes=  22  edges=  41  13.4s  [OK]
[186/200] SAFE  lines= 321  commit=b7c96769  nodes= 324  edges= 910  12.4s  [LARGE(324)]
[187/200] SAFE  lines=   9  commit=dd26eb43  nodes=   4  edges=   4  11.9s  [OK]
[188/200] SAFE  lines=  59  commit=621ff94d  nodes=  31  edges=  47  11.8s  [OK]
[189/200] SAFE  lines=  19  commit=a2f55f22  nodes=  12  edges=  28  12.3s  [OK]
[190/200] SAFE  lines=  39  commit=b3db211f  nodes=  23  edges=  41  14.9s  [OK]
[191/200] SAFE  lines=  83  commit=d4c430a8  nodes=  21  edges=  55  10.4s  [OK]
[192/200] SAFE  lines= 117  commit=c650c008  nodes= 101  edges=  93  12.6s  [OK]
[193/200] SAFE  lines=  29  commit=fc22118d  nodes=  18  edges=  48  12.1s  [OK]
[194/200] SAFE  lines=  55  commit=d574e226  nodes=  30  edges=  53  11.5s  [OK]
[195/200] SAFE  lines=  45  commit=3954d33a  nodes=  28  edges=  38  11.2s  [OK]
[196/200] SAFE  lines=  45  commit=6e0d8677  nodes=  16  edges=  31  10.9s  [OK]
[197/200] SAFE  lines=  19  commit=fda4096f  nodes=   9  edges=  12  10.9s  [OK]
[198/200] SAFE  lines=   7  commit=6260ab60  nodes=   8  edges=  12  10.6s  [OK]
[199/200] SAFE  lines= 297  commit=b0cd14fb  nodes= 128  edges= 347  10.8s  [OK]
[200/200] SAFE  lines=   9  commit=a8170e5e  nodes=   6  edges=   8  10.5s  [OK]

======================================================================
VulGCL — Joern Parse Coverage Report
Sample: 200 functions (100 vuln + 100 safe)
Random seed: 42
======================================================================

PARSE RESULTS
  Total sampled          : 200
  Empty PDG (Joern fail) : 12  (6.0%)
  Exceeds MAX_NODES=150: 35  (17.5%)
  Usable                 : 153  (76.5%)

NODE COUNT DISTRIBUTION (successful parses only)
  Min    : 1
  Median : 41
  P90    : 223
  P95    : 363
  P99    : 1030
  Max    : 1444

TIMING
  Avg per function : 13.9s
  Estimated for full Devign (27,318): 105.8 hours
  NOTE: This uses one Joern process per function (slow).
  Batch processing with joern-parse + joern-export will be much faster.

PAPER NOTES
  - Joern failed to produce a CPG for 12/200 functions (6.0%)
    Primary cause: unresolvable platform-specific API types
    (Apple VDA SDK, Windows COM, etc.)
  - 35 functions (17.5%) exceeded MAX_NODES=150
    These produce near-zero centrality images (extreme sparsity)
  - Final estimated usable fraction: ~76% of dataset
======================================================================

Saved → progress/paper_notes_joern_coverage.txt